<!doctype html>
<head>
	<link rel="stylesheet" href="./assets/css/main.css">
	<script src="./assets/js/main.js"></script>
</head>
<body>
<p>
	<img src="./assets/images/main.png" alt="">
</p>
</body>
